// Jest Snapshot v1, https://goo.gl/fbAQLP

exports[`Should render Link correctly 1`] = `
<BrowserRouter>
  <CustomLink
    to="/"
  >
    Link
  </CustomLink>
</BrowserRouter>
`;
