// Jest Snapshot v1, https://goo.gl/fbAQLP

exports[`Should render Overlay correctly 1`] = `null`;
