// Jest Snapshot v1, https://goo.gl/fbAQLP

exports[`<OverlayTrigger> Should match snapshot 1`] = `
<button>
  button
</button>
`;
