// Jest Snapshot v1, https://goo.gl/fbAQLP

exports[`Should render ScrollToTop correctly 1`] = `
<ScrollToTop
  location="/test2"
>
  <div
    style={
      Object {
        "height": 500,
      }
    }
  />
</ScrollToTop>
`;
