// Jest Snapshot v1, https://goo.gl/fbAQLP

exports[`View Mismatch rule unit test 1`] = `ReactWrapper {}`;
