// Jest Snapshot v1, https://goo.gl/fbAQLP

exports[`Should render Layout correctly 1`] = `
<Provider
  store={
    Object {
      "dispatch": [Function],
      "getState": [Function],
      "replaceReducer": [Function],
      "subscribe": [Function],
      Symbol(observable): [Function],
    }
  }
>
  <BrowserRouter>
    <Router
      history={
        Object {
          "action": "POP",
          "block": [Function],
          "createHref": [Function],
          "go": [Function],
          "goBack": [Function],
          "goForward": [Function],
          "length": 1,
          "listen": [Function],
          "location": Object {
            "hash": "",
            "pathname": "/",
            "search": "?order_id=39982221&order_hash=2a71d91259eefafd4bea3465050d4fa7ecb4186e",
            "state": undefined,
          },
          "push": [Function],
          "replace": [Function],
        }
      }
    >
      <Layout
        route={
          Object {
            "routes": Array [],
          }
        }
      >
        <div>
          <Switch />
        </div>
      </Layout>
    </Router>
  </BrowserRouter>
</Provider>
`;
