// Jest Snapshot v1, https://goo.gl/fbAQLP

exports[`View Rules unit test 1`] = `ReactWrapper {}`;
