// Jest Snapshot v1, https://goo.gl/fbAQLP

exports[`Should render ErrorBoundary correctly 1`] = `
<ErrorBoundary
  debug={false}
  errorMessage=""
  render={[Function]}
>
  <TestError>
    <div>
      test
    </div>
  </TestError>
</ErrorBoundary>
`;
