// Jest Snapshot v1, https://goo.gl/fbAQLP

exports[`Should render Landing correctly 1`] = `
<Route
  render={[Function]}
/>
`;
