// Jest Snapshot v1, https://goo.gl/fbAQLP

exports[`renders correctly 1`] = `
<div
  className="App"
>
  <section
    className="ant-layout"
    style={
      Object {
        "height": "100vh",
      }
    }
  >
    <div
      className="ant-row ant-row-space-around ant-row-middle"
      style={
        Object {
          "height": "100%",
        }
      }
    >
      <div
        className="ant-col ant-col-8"
        style={Object {}}
      >
        <form
          className="ant-form ant-form-horizontal"
          onSubmit={[Function]}
        >
          <div
            className="ant-row ant-form-item"
            style={Object {}}
          >
            <div
              className="ant-col ant-col-16 ant-col-offset-8 ant-form-item-control"
              style={Object {}}
            >
              <div
                className="ant-form-item-control-input"
              >
                <div
                  className="ant-form-item-control-input-content"
                >
                  <div
                    className="ant-row"
                    style={Object {}}
                  >
                    <div
                      className="ant-divider ant-divider-vertical"
                      role="separator"
                    />
                    <button
                      className="ant-btn ant-btn-primary"
                      onClick={[Function]}
                      type="button"
                    >
                      <span
                        aria-label="google"
                        className="anticon anticon-google"
                        role="img"
                      >
                        <svg
                          aria-hidden="true"
                          className=""
                          data-icon="google"
                          fill="currentColor"
                          focusable="false"
                          height="1em"
                          viewBox="64 64 896 896"
                          width="1em"
                        >
                          <path
                            d="M881 442.4H519.7v148.5h206.4c-8.9 48-35.9 88.6-76.6 115.8-34.4 23-78.3 36.6-129.9 36.6-99.9 0-184.4-67.5-214.6-158.2-7.6-23-12-47.6-12-72.9s4.4-49.9 12-72.9c30.3-90.6 114.8-158.1 214.7-158.1 56.3 0 106.8 19.4 146.6 57.4l110-110.1c-66.5-62-153.2-100-256.6-100-149.9 0-279.6 86-342.7 211.4-26 51.8-40.8 110.4-40.8 172.4S151 632.8 177 684.6C240.1 810 369.8 896 519.7 896c103.6 0 190.4-34.4 253.8-93 72.5-66.8 114.4-165.2 114.4-282.1 0-27.2-2.4-53.3-6.9-78.5z"
                          />
                        </svg>
                      </span>
                      <span>
                        Sign in with Google
                      </span>
                    </button>
                  </div>
                </div>
              </div>
            </div>
          </div>
        </form>
        <form
          action="/auth/google/login"
          method="post"
        />
      </div>
    </div>
  </section>
</div>
`;
